#
# A fatal error has been detected by the Java Runtime Environment:
#
#  EXCEPTION_ACCESS_VIOLATION (0xc0000005) at pc=0x00007ffe4fc7b5b6, pid=21312, tid=4008
#
# JRE version: OpenJDK Runtime Environment Temurin-21.0.6+7 (21.0.6+7) (build 21.0.6+7-LTS)
# Java VM: OpenJDK 64-Bit Server VM Temurin-21.0.6+7 (21.0.6+7-LTS, mixed mode, sharing, tiered, compressed oops, compressed class ptrs, g1 gc, windows-amd64)
# Problematic frame:
# C  [awt.dll+0xdb5b6]
#
# No core dump will be written. Minidumps are not enabled by default on client versions of Windows
#
# If you would like to submit a bug report, please visit:
#   https://github.com/adoptium/adoptium-support/issues
# The crash happened outside the Java Virtual Machine in native code.
# See problematic frame for where to report the bug.
#

---------------  S U M M A R Y ------------

Command Line: -ea -agentlib:jdwp=transport=dt_shmem,address=javadebug -Dfile.encoding=UTF-8 bluej.runtime.ExecServer UTF-8

Host: AMD Ryzen 5 5600G with Radeon Graphics         , 12 cores, 31G,  Windows 11 , 64 bit Build 26100 (10.0.26100.9168)
Time: Sun Aug 30 16:25:57 2026 Central Daylight Time elapsed time: 3892.696329 seconds (0d 1h 4m 52s)

---------------  T H R E A D  ---------------

Current thread (0x000001f27d5582e0):  JavaThread "AWT-EventQueue-0"        [_thread_in_native, id=4008, stack(0x0000007cea400000,0x0000007cea500000) (1024K)]

Stack: [0x0000007cea400000,0x0000007cea500000],  sp=0x0000007cea4fecc0,  free space=1019k
Native frames: (J=compiled Java code, j=interpreted, Vv=VM code, C=native code)
C  [awt.dll+0xdb5b6]

Java frames: (J=compiled Java code, j=interpreted, Vv=VM code)
j  sun.awt.Win32GraphicsDevice.initNativeScale(I)V+0 java.desktop@21.0.6
j  sun.awt.Win32GraphicsDevice.initScaleFactors()V+60 java.desktop@21.0.6
j  sun.awt.Win32GraphicsDevice.displayChanged()V+16 java.desktop@21.0.6
j  sun.awt.Win32GraphicsEnvironment.displayChanged()V+271 java.desktop@21.0.6
j  sun.awt.windows.WToolkit.lambda$displayChanged$4()V+15 java.desktop@21.0.6
j  sun.awt.windows.WToolkit$$Lambda+0x000001f23d0714c0.run()V+0 java.desktop@21.0.6
j  java.awt.event.InvocationEvent.dispatch()V+47 java.desktop@21.0.6
j  java.awt.EventQueue.dispatchEventImpl(Ljava/awt/AWTEvent;Ljava/lang/Object;)V+21 java.desktop@21.0.6
j  java.awt.EventQueue$4.run()Ljava/lang/Void;+32 java.desktop@21.0.6
j  java.awt.EventQueue$4.run()Ljava/lang/Object;+1 java.desktop@21.0.6
j  java.security.AccessController.executePrivileged(Ljava/security/PrivilegedAction;Ljava/security/AccessControlContext;Ljava/lang/Class;)Ljava/lang/Object;+29 java.base@21.0.6
j  java.security.AccessController.doPrivileged(Ljava/security/PrivilegedAction;Ljava/security/AccessControlContext;)Ljava/lang/Object;+13 java.base@21.0.6
j  java.security.ProtectionDomain$JavaSecurityAccessImpl.doIntersectionPrivilege(Ljava/security/PrivilegedAction;Ljava/security/AccessControlContext;Ljava/security/AccessControlContext;)Ljava/lang/Object;+18 java.base@21.0.6
j  java.awt.EventQueue.dispatchEvent(Ljava/awt/AWTEvent;)V+46 java.desktop@21.0.6
j  java.awt.EventDispatchThread.pumpOneEventForFilters(I)V+81 java.desktop@21.0.6
j  java.awt.EventDispatchThread.pumpEventsForFilter(ILjava/awt/Conditional;Ljava/awt/EventFilter;)V+35 java.desktop@21.0.6
j  java.awt.EventDispatchThread.pumpEventsForHierarchy(ILjava/awt/Conditional;Ljava/awt/Component;)V+11 java.desktop@21.0.6
j  java.awt.EventDispatchThread.pumpEvents(ILjava/awt/Conditional;)V+4 java.desktop@21.0.6
j  java.awt.EventDispatchThread.pumpEvents(Ljava/awt/Conditional;)V+3 java.desktop@21.0.6
j  java.awt.EventDispatchThread.run()V+9 java.desktop@21.0.6
v  ~StubRoutines::call_stub 0x000001f22709100d

siginfo: EXCEPTION_ACCESS_VIOLATION (0xc0000005), reading address 0xffffffffffffffff


Registers:
RAX=0xed003b650000005c, RBX=0x000001f27d31b5b0, RCX=0xed003b650000005c, RDX=0x0000000000000000
RSP=0x0000007cea4fecc0, RBP=0x0000007cea4feda0, RSI=0x0000000000000000, RDI=0x0000000000000000
R8 =0x0000000000000001, R9 =0x0000007cea10f000, R10=0x000001f2270a0787, R11=0x0000000000000100
R12=0x0000000000000000, R13=0x000001f2002762e0, R14=0x0000007cea4fedc8, R15=0x000001f27d5582e0
RIP=0x00007ffe4fc7b5b6, EFLAGS=0x0000000000010206

XMM[0]=0x0000000000000000 0x0000000000000000
XMM[1]=0x0000000000000000 0x00000000bf800000
XMM[2]=0x0000000000000000 0x0000000000000000
XMM[3]=0x0000000000000000 0x0000000000000000
XMM[4]=0x0000000000000000 0x0000000000000000
XMM[5]=0x0000000000000000 0x0000000000000000
XMM[6]=0x0000000000000000 0x0000000000000000
XMM[7]=0x0000000000000000 0x0000000000000000
XMM[8]=0x0000000000000000 0x0000000000000000
XMM[9]=0x0000000000000000 0x0000000000000000
XMM[10]=0x0000000000000000 0x0000000000000000
XMM[11]=0x0000000000000000 0x0000000000000000
XMM[12]=0x0000000000000000 0x0000000000000000
XMM[13]=0x0000000000000000 0x0000000000000000
XMM[14]=0x0000000000000000 0x0000000000000000
XMM[15]=0x0000000000000000 0x0000000000000000
  MXCSR=0x00001fa0


Register to memory mapping:

RAX=0xed003b650000005c is an unknown value
RBX=0x000001f27d31b5b0 points into unknown readable memory: 0x000001f27d4b3a50 | 50 3a 4b 7d f2 01 00 00
RCX=0xed003b650000005c is an unknown value
RDX=0x0 is null
RSP=0x0000007cea4fecc0 is pointing into the stack for thread: 0x000001f27d5582e0
RBP=0x0000007cea4feda0 is pointing into the stack for thread: 0x000001f27d5582e0
RSI=0x0 is null
RDI=0x0 is null
R8 =0x0000000000000001 is an unknown value
R9 =0x0000007cea10f000 points into unknown readable memory: 0x0000000000000000 | 00 00 00 00 00 00 00 00
R10=0x000001f2270a0787 is at code_begin+1927 in an Interpreter codelet
native method entry point (kind = native)  [0x000001f2270a0000, 0x000001f2270a1238]  4664 bytes
R11=0x0000000000000100 is an unknown value
R12=0x0 is null
R13={method} {0x000001f2002762e8} 'initNativeScale' '(I)V' in 'sun/awt/Win32GraphicsDevice'
R14=0x0000007cea4fedc8 is pointing into the stack for thread: 0x000001f27d5582e0
R15=0x000001f27d5582e0 is a thread

Top of Stack: (sp=0x0000007cea4fecc0)
0x0000007cea4fecc0:   000001f27d31b5b0 000001f2270995b8
0x0000007cea4fecd0:   0000000000000000 000001f27d31b5b0
0x0000007cea4fece0:   000001f27d31b5b0 00007ffe4fc7cdf2
0x0000007cea4fecf0:   00007ffe4fcda848 000001f2002762e0
0x0000007cea4fed00:   0000000000000000 00007ffdd7ebd328
0x0000007cea4fed10:   000001f2270996b9 000001f2270a07b6
0x0000007cea4fed20:   000001f2002762e0 000001f27d5582e0
0x0000007cea4fed30:   0000000000000000 0000000000000000
0x0000007cea4fed40:   0000007cea4feda0 0000000000000001
0x0000007cea4fed50:   0000000622004378 0000007cea4fed58
0x0000007cea4fed60:   0000000000000000 0000000000000005
0x0000007cea4fed70:   000001f200279318 0000000000000000
0x0000007cea4fed80:   0000000622001c30 000001f2002762e0
0x0000007cea4fed90:   0000000000000000 0000007cea4fedc0
0x0000007cea4feda0:   0000007cea4fee18 000001f2270991b4
0x0000007cea4fedb0:   0000000000000000 000001f22709c6f7
0x0000007cea4fedc0:   0000000000000000 00000006220025d8
0x0000007cea4fedd0:   0000007cea4fedd0 000001f200276934
0x0000007cea4fede0:   0000000000000002 000001f200279318
0x0000007cea4fedf0:   0000000000000000 0000000622001c30
0x0000007cea4fee00:   000001f200276980 0000007cea4fedc0
0x0000007cea4fee10:   0000007cea4fee28 0000007cea4fee78
0x0000007cea4fee20:   000001f2270991b4 00000006220025d8
0x0000007cea4fee30:   0000007cea4fee30 000001f2002781f8
0x0000007cea4fee40:   0000000000000003 000001f200279318
0x0000007cea4fee50:   0000000000000000 0000000622001c30
0x0000007cea4fee60:   000001f200278240 0000007cea4fee28
0x0000007cea4fee70:   0000007cea4fee90 0000007cea4feee0
0x0000007cea4fee80:   000001f2270991b4 0000000000000000
0x0000007cea4fee90:   00000006220025d8 0000007cea4fee98
0x0000007cea4feea0:   000001f200265bd7 0000000000000008
0x0000007cea4feeb0:   000001f200269aa8 0000000000000000 

Instructions: (pc=0x00007ffe4fc7b5b6)
0x00007ffe4fc7b4b6:   00 68 00 00 00 0f 11 44 24 34 0f 11 44 24 44 0f
0x00007ffe4fc7b4c6:   11 44 24 54 0f 11 44 24 64 0f 11 44 24 74 0f 11
0x00007ffe4fc7b4d6:   84 24 84 00 00 00 89 84 24 94 00 00 00 c7 44 24
0x00007ffe4fc7b4e6:   30 68 00 00 00 48 8d 94 24 a0 00 00 00 48 8b cd
0x00007ffe4fc7b4f6:   ff 15 cc 88 06 00 85 c0 74 40 48 8d 54 24 30 48
0x00007ffe4fc7b506:   8b ce ff 15 ba 88 06 00 85 c0 74 2e 48 8d 54 24
0x00007ffe4fc7b516:   34 48 8d 8c 24 a4 00 00 00 ff 15 eb 83 06 00 85
0x00007ffe4fc7b526:   c0 74 17 48 8d 54 24 44 48 8d 8c 24 b4 00 00 00
0x00007ffe4fc7b536:   ff 15 d4 83 06 00 85 c0 75 11 ff c7 3b 7b 0c 0f
0x00007ffe4fc7b546:   8c 15 ff ff ff 8b 3d 4f be 06 00 48 8b cb e8 b7
0x00007ffe4fc7b556:   c9 f4 ff 90 8b c7 48 8b 8c 24 10 01 00 00 48 33
0x00007ffe4fc7b566:   cc e8 54 02 01 00 4c 8d 9c 24 20 01 00 00 49 8b
0x00007ffe4fc7b576:   5b 18 49 8b 6b 20 49 8b 73 28 49 8b e3 5f c3 cc
0x00007ffe4fc7b586:   cc cc cc cc cc cc cc cc cc cc 48 8b 41 08 48 8b
0x00007ffe4fc7b596:   80 18 0c 00 00 c3 cc cc cc cc 48 8b 41 08 48 05
0x00007ffe4fc7b5a6:   00 04 00 00 c3 cc cc cc cc cc 40 53 48 83 ec 20
0x00007ffe4fc7b5b6:   83 79 50 00 48 8b d9 75 56 48 8b 49 28 4c 8d 44
0x00007ffe4fc7b5c6:   24 38 48 8d 54 24 30 c7 44 24 30 00 00 80 bf c7
0x00007ffe4fc7b5d6:   44 24 38 00 00 80 bf e8 be e1 00 00 f3 0f 10 54
0x00007ffe4fc7b5e6:   24 30 0f 57 c0 0f 2f d0 76 25 f3 0f 10 4c 24 38
0x00007ffe4fc7b5f6:   0f 2f c8 76 1a f3 0f 5e 15 09 a7 02 00 f3 0f 5e
0x00007ffe4fc7b606:   0d 01 a7 02 00 f3 0f 11 53 48 f3 0f 11 4b 4c 48
0x00007ffe4fc7b616:   83 c4 20 5b c3 cc cc cc cc cc 48 89 5c 24 10 48
0x00007ffe4fc7b626:   89 74 24 18 48 89 7c 24 20 41 56 48 83 ec 40 48
0x00007ffe4fc7b636:   8b d9 48 83 79 18 00 75 14 b9 28 04 00 00 e8 97
0x00007ffe4fc7b646:   97 00 00 48 89 43 18 c7 00 28 00 00 00 48 8b 43
0x00007ffe4fc7b656:   18 33 ff 66 89 78 0e 48 8b 4b 28 e8 5a 03 00 00
0x00007ffe4fc7b666:   48 8b f0 ba 01 00 00 00 44 8b c2 48 8b c8 ff 15
0x00007ffe4fc7b676:   b6 7f 06 00 4c 8b f0 89 7c 24 30 48 8b 4b 18 48
0x00007ffe4fc7b686:   89 4c 24 28 48 89 7c 24 20 44 8d 4f 01 45 33 c0
0x00007ffe4fc7b696:   48 8b d0 48 8b ce ff 15 6e 80 06 00 48 8b 53 30
0x00007ffe4fc7b6a6:   48 8b 0b 83 79 04 08 0f 8e 01 02 00 00 f6 42 24 


Stack slot to memory mapping:

stack at sp + 0 slots: 0x000001f27d31b5b0 points into unknown readable memory: 0x000001f27d4b3a50 | 50 3a 4b 7d f2 01 00 00
stack at sp + 1 slots: 0x000001f2270995b8 is at code_begin+4408 in an Interpreter codelet
return entry points  [0x000001f227098480, 0x000001f22709a590]  8464 bytes
stack at sp + 2 slots: 0x0 is null
stack at sp + 3 slots: 0x000001f27d31b5b0 points into unknown readable memory: 0x000001f27d4b3a50 | 50 3a 4b 7d f2 01 00 00
stack at sp + 4 slots: 0x000001f27d31b5b0 points into unknown readable memory: 0x000001f27d4b3a50 | 50 3a 4b 7d f2 01 00 00
stack at sp + 5 slots: 0x00007ffe4fc7cdf2 awt.dll
stack at sp + 6 slots: 0x00007ffe4fcda848 awt.dll
stack at sp + 7 slots: {method} {0x000001f2002762e8} 'initNativeScale' '(I)V' in 'sun/awt/Win32GraphicsDevice'


---------------  P R O C E S S  ---------------

Threads class SMR info:
_java_thread_list=0x000001f27d3641e0, length=20, elements={
0x000001f27d00ef20, 0x000001f27d014500, 0x000001f27d0170c0, 0x000001f27d017fa0,
0x000001f27d01c6b0, 0x000001f27d028090, 0x000001f27d058090, 0x000001f27d05dae0,
0x000001f27d1a57e0, 0x000001f27d1b8780, 0x000001f27d1b8e00, 0x000001f27d1bb810,
0x000001f27d1c0760, 0x000001f27d490710, 0x000001f27d4a4a80, 0x000001f27d4b3c00,
0x000001f2150a1a90, 0x000001f27d2b5760, 0x000001f27d31d9e0, 0x000001f27d5582e0
}

Java Threads: ( => current thread )
  0x000001f27d00ef20 JavaThread "Reference Handler"          daemon [_thread_blocked, id=19664, stack(0x0000007cead00000,0x0000007ceae00000) (1024K)]
  0x000001f27d014500 JavaThread "Finalizer"                  daemon [_thread_blocked, id=7420, stack(0x0000007ceae00000,0x0000007ceaf00000) (1024K)]
  0x000001f27d0170c0 JavaThread "Signal Dispatcher"          daemon [_thread_blocked, id=5512, stack(0x0000007ceaf00000,0x0000007ceb000000) (1024K)]
  0x000001f27d017fa0 JavaThread "Attach Listener"            daemon [_thread_blocked, id=4168, stack(0x0000007ceb000000,0x0000007ceb100000) (1024K)]
  0x000001f27d01c6b0 JavaThread "Service Thread"             daemon [_thread_blocked, id=10696, stack(0x0000007ceb100000,0x0000007ceb200000) (1024K)]
  0x000001f27d028090 JavaThread "Monitor Deflation Thread"   daemon [_thread_blocked, id=1328, stack(0x0000007ceb200000,0x0000007ceb300000) (1024K)]
  0x000001f27d058090 JavaThread "C2 CompilerThread0"         daemon [_thread_blocked, id=10440, stack(0x0000007ceb300000,0x0000007ceb400000) (1024K)]
  0x000001f27d05dae0 JavaThread "C1 CompilerThread0"         daemon [_thread_blocked, id=19628, stack(0x0000007ceb400000,0x0000007ceb500000) (1024K)]
  0x000001f27d1a57e0 JavaThread "JDWP Transport Listener: dt_shmem" daemon [_thread_blocked, id=4992, stack(0x0000007ceb500000,0x0000007ceb600000) (1024K)]
  0x000001f27d1b8780 JavaThread "JDWP Event Helper Thread"   daemon [_thread_blocked, id=14760, stack(0x0000007ceb600000,0x0000007ceb700000) (1024K)]
  0x000001f27d1b8e00 JavaThread "JDWP Command Reader"        daemon [_thread_in_native, id=18180, stack(0x0000007ceb700000,0x0000007ceb800000) (1024K)]
  0x000001f27d1bb810 JavaThread "Notification Thread"        daemon [_thread_blocked, id=7384, stack(0x0000007ceb800000,0x0000007ceb900000) (1024K)]
  0x000001f27d1c0760 JavaThread "Common-Cleaner"             daemon [_thread_blocked, id=8400, stack(0x0000007ceb900000,0x0000007ceba00000) (1024K)]
  0x000001f27d490710 JavaThread "Java2D Disposer"            daemon [_thread_blocked, id=21456, stack(0x0000007cebb00000,0x0000007cebc00000) (1024K)]
  0x000001f27d4a4a80 JavaThread "AWT-Windows"                daemon [_thread_in_native, id=8392, stack(0x0000007cebd00000,0x0000007cebe00000) (1024K)]
  0x000001f27d4b3c00 JavaThread "BlueJ worker thread"               [_thread_blocked, id=8936, stack(0x0000007cebf00000,0x0000007cec000000) (1024K)]
  0x000001f2150a1a90 JavaThread "DestroyJavaVM"                     [_thread_blocked, id=7688, stack(0x0000007cea500000,0x0000007cea600000) (1024K)]
  0x000001f27d2b5760 JavaThread "main"                              [_thread_blocked, id=12960, stack(0x0000007cea200000,0x0000007cea300000) (1024K)]
  0x000001f27d31d9e0 JavaThread "AWT-Shutdown"                      [_thread_blocked, id=23872, stack(0x0000007cea300000,0x0000007cea400000) (1024K)]
=>0x000001f27d5582e0 JavaThread "AWT-EventQueue-0"                  [_thread_in_native, id=4008, stack(0x0000007cea400000,0x0000007cea500000) (1024K)]
Total: 20

Other Threads:
  0x000001f23b3ce470 VMThread "VM Thread"                           [id=12704, stack(0x0000007ceac00000,0x0000007cead00000) (1024K)]
  0x000001f23b3bd6f0 WatcherThread "VM Periodic Task Thread"        [id=23000, stack(0x0000007ceab00000,0x0000007ceac00000) (1024K)]
  0x000001f217520ff0 WorkerThread "GC Thread#0"                     [id=6896, stack(0x0000007cea600000,0x0000007cea700000) (1024K)]
  0x000001f217532630 ConcurrentGCThread "G1 Main Marker"            [id=19708, stack(0x0000007cea700000,0x0000007cea800000) (1024K)]
  0x000001f217534e60 WorkerThread "G1 Conc#0"                       [id=2932, stack(0x0000007cea800000,0x0000007cea900000) (1024K)]
  0x000001f23b27e9b0 ConcurrentGCThread "G1 Refine#0"               [id=24076, stack(0x0000007cea900000,0x0000007ceaa00000) (1024K)]
  0x000001f23b27f2d0 ConcurrentGCThread "G1 Service"                [id=8796, stack(0x0000007ceaa00000,0x0000007ceab00000) (1024K)]
Total: 7

Threads with active compile tasks:
Total: 0

VM state: not at safepoint (normal execution)

VM Mutex/Monitor currently owned by a thread: None

Heap address: 0x0000000603400000, size: 8140 MB, Compressed Oops mode: Zero based, Oop shift amount: 3

CDS archive(s) mapped at: [0x000001f23c000000-0x000001f23cc80000-0x000001f23cc80000), size 13107200, SharedBaseAddress: 0x000001f23c000000, ArchiveRelocationMode: 1.
Compressed class space mapped at: 0x000001f23d000000-0x000001f27d000000, reserved size: 1073741824
Narrow klass base: 0x000001f23c000000, Narrow klass shift: 0, Narrow klass range: 0x100000000

GC Precious Log:
 CardTable entry size: 512
 Card Set container configuration: InlinePtr #cards 4 size 8 Array Of Cards #cards 32 size 80 Howl #buckets 8 coarsen threshold 7372 Howl Bitmap #cards 1024 size 144 coarsen threshold 921 Card regions per heap region 1 cards per card region 8192
 CPUs: 12 total, 12 available
 Memory: 32558M
 Large Page Support: Disabled
 NUMA Support: Disabled
 Compressed Oops: Enabled (Zero based)
 Heap Region Size: 4M
 Heap Min Capacity: 8M
 Heap Initial Capacity: 512M
 Heap Max Capacity: 8140M
 Pre-touch: Disabled
 Parallel Workers: 10
 Concurrent Workers: 3
 Concurrent Refinement Workers: 10
 Periodic GC: Disabled

Heap:
 garbage-first heap   total 524288K, used 12288K [0x0000000603400000, 0x0000000800000000)
  region size 4096K, 5 young (20480K), 0 survivors (0K)
 Metaspace       used 3043K, committed 3264K, reserved 1114112K
  class space    used 279K, committed 384K, reserved 1048576K

Heap Regions: E=young(eden), S=young(survivor), O=old, HS=humongous(starts), HC=humongous(continues), CS=collection set, F=free, TAMS=top-at-mark-start, PB=parsable bottom
|   0|0x0000000603400000, 0x0000000603400000, 0x0000000603800000|  0%| F|  |TAMS 0x0000000603400000| PB 0x0000000603400000| Untracked 
|   1|0x0000000603800000, 0x0000000603800000, 0x0000000603c00000|  0%| F|  |TAMS 0x0000000603800000| PB 0x0000000603800000| Untracked 
|   2|0x0000000603c00000, 0x0000000603c00000, 0x0000000604000000|  0%| F|  |TAMS 0x0000000603c00000| PB 0x0000000603c00000| Untracked 
|   3|0x0000000604000000, 0x0000000604000000, 0x0000000604400000|  0%| F|  |TAMS 0x0000000604000000| PB 0x0000000604000000| Untracked 
|   4|0x0000000604400000, 0x0000000604400000, 0x0000000604800000|  0%| F|  |TAMS 0x0000000604400000| PB 0x0000000604400000| Untracked 
|   5|0x0000000604800000, 0x0000000604800000, 0x0000000604c00000|  0%| F|  |TAMS 0x0000000604800000| PB 0x0000000604800000| Untracked 
|   6|0x0000000604c00000, 0x0000000604c00000, 0x0000000605000000|  0%| F|  |TAMS 0x0000000604c00000| PB 0x0000000604c00000| Untracked 
|   7|0x0000000605000000, 0x0000000605000000, 0x0000000605400000|  0%| F|  |TAMS 0x0000000605000000| PB 0x0000000605000000| Untracked 
|   8|0x0000000605400000, 0x0000000605400000, 0x0000000605800000|  0%| F|  |TAMS 0x0000000605400000| PB 0x0000000605400000| Untracked 
|   9|0x0000000605800000, 0x0000000605800000, 0x0000000605c00000|  0%| F|  |TAMS 0x0000000605800000| PB 0x0000000605800000| Untracked 
|  10|0x0000000605c00000, 0x0000000605c00000, 0x0000000606000000|  0%| F|  |TAMS 0x0000000605c00000| PB 0x0000000605c00000| Untracked 
|  11|0x0000000606000000, 0x0000000606000000, 0x0000000606400000|  0%| F|  |TAMS 0x0000000606000000| PB 0x0000000606000000| Untracked 
|  12|0x0000000606400000, 0x0000000606400000, 0x0000000606800000|  0%| F|  |TAMS 0x0000000606400000| PB 0x0000000606400000| Untracked 
|  13|0x0000000606800000, 0x0000000606800000, 0x0000000606c00000|  0%| F|  |TAMS 0x0000000606800000| PB 0x0000000606800000| Untracked 
|  14|0x0000000606c00000, 0x0000000606c00000, 0x0000000607000000|  0%| F|  |TAMS 0x0000000606c00000| PB 0x0000000606c00000| Untracked 
|  15|0x0000000607000000, 0x0000000607000000, 0x0000000607400000|  0%| F|  |TAMS 0x0000000607000000| PB 0x0000000607000000| Untracked 
|  16|0x0000000607400000, 0x0000000607400000, 0x0000000607800000|  0%| F|  |TAMS 0x0000000607400000| PB 0x0000000607400000| Untracked 
|  17|0x0000000607800000, 0x0000000607800000, 0x0000000607c00000|  0%| F|  |TAMS 0x0000000607800000| PB 0x0000000607800000| Untracked 
|  18|0x0000000607c00000, 0x0000000607c00000, 0x0000000608000000|  0%| F|  |TAMS 0x0000000607c00000| PB 0x0000000607c00000| Untracked 
|  19|0x0000000608000000, 0x0000000608000000, 0x0000000608400000|  0%| F|  |TAMS 0x0000000608000000| PB 0x0000000608000000| Untracked 
|  20|0x0000000608400000, 0x0000000608400000, 0x0000000608800000|  0%| F|  |TAMS 0x0000000608400000| PB 0x0000000608400000| Untracked 
|  21|0x0000000608800000, 0x0000000608800000, 0x0000000608c00000|  0%| F|  |TAMS 0x0000000608800000| PB 0x0000000608800000| Untracked 
|  22|0x0000000608c00000, 0x0000000608c00000, 0x0000000609000000|  0%| F|  |TAMS 0x0000000608c00000| PB 0x0000000608c00000| Untracked 
|  23|0x0000000609000000, 0x0000000609000000, 0x0000000609400000|  0%| F|  |TAMS 0x0000000609000000| PB 0x0000000609000000| Untracked 
|  24|0x0000000609400000, 0x0000000609400000, 0x0000000609800000|  0%| F|  |TAMS 0x0000000609400000| PB 0x0000000609400000| Untracked 
|  25|0x0000000609800000, 0x0000000609800000, 0x0000000609c00000|  0%| F|  |TAMS 0x0000000609800000| PB 0x0000000609800000| Untracked 
|  26|0x0000000609c00000, 0x0000000609c00000, 0x000000060a000000|  0%| F|  |TAMS 0x0000000609c00000| PB 0x0000000609c00000| Untracked 
|  27|0x000000060a000000, 0x000000060a000000, 0x000000060a400000|  0%| F|  |TAMS 0x000000060a000000| PB 0x000000060a000000| Untracked 
|  28|0x000000060a400000, 0x000000060a400000, 0x000000060a800000|  0%| F|  |TAMS 0x000000060a400000| PB 0x000000060a400000| Untracked 
|  29|0x000000060a800000, 0x000000060a800000, 0x000000060ac00000|  0%| F|  |TAMS 0x000000060a800000| PB 0x000000060a800000| Untracked 
|  30|0x000000060ac00000, 0x000000060ac00000, 0x000000060b000000|  0%| F|  |TAMS 0x000000060ac00000| PB 0x000000060ac00000| Untracked 
|  31|0x000000060b000000, 0x000000060b000000, 0x000000060b400000|  0%| F|  |TAMS 0x000000060b000000| PB 0x000000060b000000| Untracked 
|  32|0x000000060b400000, 0x000000060b400000, 0x000000060b800000|  0%| F|  |TAMS 0x000000060b400000| PB 0x000000060b400000| Untracked 
|  33|0x000000060b800000, 0x000000060b800000, 0x000000060bc00000|  0%| F|  |TAMS 0x000000060b800000| PB 0x000000060b800000| Untracked 
|  34|0x000000060bc00000, 0x000000060bc00000, 0x000000060c000000|  0%| F|  |TAMS 0x000000060bc00000| PB 0x000000060bc00000| Untracked 
|  35|0x000000060c000000, 0x000000060c000000, 0x000000060c400000|  0%| F|  |TAMS 0x000000060c000000| PB 0x000000060c000000| Untracked 
|  36|0x000000060c400000, 0x000000060c400000, 0x000000060c800000|  0%| F|  |TAMS 0x000000060c400000| PB 0x000000060c400000| Untracked 
|  37|0x000000060c800000, 0x000000060c800000, 0x000000060cc00000|  0%| F|  |TAMS 0x000000060c800000| PB 0x000000060c800000| Untracked 
|  38|0x000000060cc00000, 0x000000060cc00000, 0x000000060d000000|  0%| F|  |TAMS 0x000000060cc00000| PB 0x000000060cc00000| Untracked 
|  39|0x000000060d000000, 0x000000060d000000, 0x000000060d400000|  0%| F|  |TAMS 0x000000060d000000| PB 0x000000060d000000| Untracked 
|  40|0x000000060d400000, 0x000000060d400000, 0x000000060d800000|  0%| F|  |TAMS 0x000000060d400000| PB 0x000000060d400000| Untracked 
|  41|0x000000060d800000, 0x000000060d800000, 0x000000060dc00000|  0%| F|  |TAMS 0x000000060d800000| PB 0x000000060d800000| Untracked 
|  42|0x000000060dc00000, 0x000000060dc00000, 0x000000060e000000|  0%| F|  |TAMS 0x000000060dc00000| PB 0x000000060dc00000| Untracked 
|  43|0x000000060e000000, 0x000000060e000000, 0x000000060e400000|  0%| F|  |TAMS 0x000000060e000000| PB 0x000000060e000000| Untracked 
|  44|0x000000060e400000, 0x000000060e400000, 0x000000060e800000|  0%| F|  |TAMS 0x000000060e400000| PB 0x000000060e400000| Untracked 
|  45|0x000000060e800000, 0x000000060e800000, 0x000000060ec00000|  0%| F|  |TAMS 0x000000060e800000| PB 0x000000060e800000| Untracked 
|  46|0x000000060ec00000, 0x000000060ec00000, 0x000000060f000000|  0%| F|  |TAMS 0x000000060ec00000| PB 0x000000060ec00000| Untracked 
|  47|0x000000060f000000, 0x000000060f000000, 0x000000060f400000|  0%| F|  |TAMS 0x000000060f000000| PB 0x000000060f000000| Untracked 
|  48|0x000000060f400000, 0x000000060f400000, 0x000000060f800000|  0%| F|  |TAMS 0x000000060f400000| PB 0x000000060f400000| Untracked 
|  49|0x000000060f800000, 0x000000060f800000, 0x000000060fc00000|  0%| F|  |TAMS 0x000000060f800000| PB 0x000000060f800000| Untracked 
|  50|0x000000060fc00000, 0x000000060fc00000, 0x0000000610000000|  0%| F|  |TAMS 0x000000060fc00000| PB 0x000000060fc00000| Untracked 
|  51|0x0000000610000000, 0x0000000610000000, 0x0000000610400000|  0%| F|  |TAMS 0x0000000610000000| PB 0x0000000610000000| Untracked 
|  52|0x0000000610400000, 0x0000000610400000, 0x0000000610800000|  0%| F|  |TAMS 0x0000000610400000| PB 0x0000000610400000| Untracked 
|  53|0x0000000610800000, 0x0000000610800000, 0x0000000610c00000|  0%| F|  |TAMS 0x0000000610800000| PB 0x0000000610800000| Untracked 
|  54|0x0000000610c00000, 0x0000000610c00000, 0x0000000611000000|  0%| F|  |TAMS 0x0000000610c00000| PB 0x0000000610c00000| Untracked 
|  55|0x0000000611000000, 0x0000000611000000, 0x0000000611400000|  0%| F|  |TAMS 0x0000000611000000| PB 0x0000000611000000| Untracked 
|  56|0x0000000611400000, 0x0000000611400000, 0x0000000611800000|  0%| F|  |TAMS 0x0000000611400000| PB 0x0000000611400000| Untracked 
|  57|0x0000000611800000, 0x0000000611800000, 0x0000000611c00000|  0%| F|  |TAMS 0x0000000611800000| PB 0x0000000611800000| Untracked 
|  58|0x0000000611c00000, 0x0000000611c00000, 0x0000000612000000|  0%| F|  |TAMS 0x0000000611c00000| PB 0x0000000611c00000| Untracked 
|  59|0x0000000612000000, 0x0000000612000000, 0x0000000612400000|  0%| F|  |TAMS 0x0000000612000000| PB 0x0000000612000000| Untracked 
|  60|0x0000000612400000, 0x0000000612400000, 0x0000000612800000|  0%| F|  |TAMS 0x0000000612400000| PB 0x0000000612400000| Untracked 
|  61|0x0000000612800000, 0x0000000612800000, 0x0000000612c00000|  0%| F|  |TAMS 0x0000000612800000| PB 0x0000000612800000| Untracked 
|  62|0x0000000612c00000, 0x0000000612c00000, 0x0000000613000000|  0%| F|  |TAMS 0x0000000612c00000| PB 0x0000000612c00000| Untracked 
|  63|0x0000000613000000, 0x0000000613000000, 0x0000000613400000|  0%| F|  |TAMS 0x0000000613000000| PB 0x0000000613000000| Untracked 
|  64|0x0000000613400000, 0x0000000613400000, 0x0000000613800000|  0%| F|  |TAMS 0x0000000613400000| PB 0x0000000613400000| Untracked 
|  65|0x0000000613800000, 0x0000000613800000, 0x0000000613c00000|  0%| F|  |TAMS 0x0000000613800000| PB 0x0000000613800000| Untracked 
|  66|0x0000000613c00000, 0x0000000613c00000, 0x0000000614000000|  0%| F|  |TAMS 0x0000000613c00000| PB 0x0000000613c00000| Untracked 
|  67|0x0000000614000000, 0x0000000614000000, 0x0000000614400000|  0%| F|  |TAMS 0x0000000614000000| PB 0x0000000614000000| Untracked 
|  68|0x0000000614400000, 0x0000000614400000, 0x0000000614800000|  0%| F|  |TAMS 0x0000000614400000| PB 0x0000000614400000| Untracked 
|  69|0x0000000614800000, 0x0000000614800000, 0x0000000614c00000|  0%| F|  |TAMS 0x0000000614800000| PB 0x0000000614800000| Untracked 
|  70|0x0000000614c00000, 0x0000000614c00000, 0x0000000615000000|  0%| F|  |TAMS 0x0000000614c00000| PB 0x0000000614c00000| Untracked 
|  71|0x0000000615000000, 0x0000000615000000, 0x0000000615400000|  0%| F|  |TAMS 0x0000000615000000| PB 0x0000000615000000| Untracked 
|  72|0x0000000615400000, 0x0000000615400000, 0x0000000615800000|  0%| F|  |TAMS 0x0000000615400000| PB 0x0000000615400000| Untracked 
|  73|0x0000000615800000, 0x0000000615800000, 0x0000000615c00000|  0%| F|  |TAMS 0x0000000615800000| PB 0x0000000615800000| Untracked 
|  74|0x0000000615c00000, 0x0000000615c00000, 0x0000000616000000|  0%| F|  |TAMS 0x0000000615c00000| PB 0x0000000615c00000| Untracked 
|  75|0x0000000616000000, 0x0000000616000000, 0x0000000616400000|  0%| F|  |TAMS 0x0000000616000000| PB 0x0000000616000000| Untracked 
|  76|0x0000000616400000, 0x0000000616400000, 0x0000000616800000|  0%| F|  |TAMS 0x0000000616400000| PB 0x0000000616400000| Untracked 
|  77|0x0000000616800000, 0x0000000616800000, 0x0000000616c00000|  0%| F|  |TAMS 0x0000000616800000| PB 0x0000000616800000| Untracked 
|  78|0x0000000616c00000, 0x0000000616c00000, 0x0000000617000000|  0%| F|  |TAMS 0x0000000616c00000| PB 0x0000000616c00000| Untracked 
|  79|0x0000000617000000, 0x0000000617000000, 0x0000000617400000|  0%| F|  |TAMS 0x0000000617000000| PB 0x0000000617000000| Untracked 
|  80|0x0000000617400000, 0x0000000617400000, 0x0000000617800000|  0%| F|  |TAMS 0x0000000617400000| PB 0x0000000617400000| Untracked 
|  81|0x0000000617800000, 0x0000000617800000, 0x0000000617c00000|  0%| F|  |TAMS 0x0000000617800000| PB 0x0000000617800000| Untracked 
|  82|0x0000000617c00000, 0x0000000617c00000, 0x0000000618000000|  0%| F|  |TAMS 0x0000000617c00000| PB 0x0000000617c00000| Untracked 
|  83|0x0000000618000000, 0x0000000618000000, 0x0000000618400000|  0%| F|  |TAMS 0x0000000618000000| PB 0x0000000618000000| Untracked 
|  84|0x0000000618400000, 0x0000000618400000, 0x0000000618800000|  0%| F|  |TAMS 0x0000000618400000| PB 0x0000000618400000| Untracked 
|  85|0x0000000618800000, 0x0000000618800000, 0x0000000618c00000|  0%| F|  |TAMS 0x0000000618800000| PB 0x0000000618800000| Untracked 
|  86|0x0000000618c00000, 0x0000000618c00000, 0x0000000619000000|  0%| F|  |TAMS 0x0000000618c00000| PB 0x0000000618c00000| Untracked 
|  87|0x0000000619000000, 0x0000000619000000, 0x0000000619400000|  0%| F|  |TAMS 0x0000000619000000| PB 0x0000000619000000| Untracked 
|  88|0x0000000619400000, 0x0000000619400000, 0x0000000619800000|  0%| F|  |TAMS 0x0000000619400000| PB 0x0000000619400000| Untracked 
|  89|0x0000000619800000, 0x0000000619800000, 0x0000000619c00000|  0%| F|  |TAMS 0x0000000619800000| PB 0x0000000619800000| Untracked 
|  90|0x0000000619c00000, 0x0000000619c00000, 0x000000061a000000|  0%| F|  |TAMS 0x0000000619c00000| PB 0x0000000619c00000| Untracked 
|  91|0x000000061a000000, 0x000000061a000000, 0x000000061a400000|  0%| F|  |TAMS 0x000000061a000000| PB 0x000000061a000000| Untracked 
|  92|0x000000061a400000, 0x000000061a400000, 0x000000061a800000|  0%| F|  |TAMS 0x000000061a400000| PB 0x000000061a400000| Untracked 
|  93|0x000000061a800000, 0x000000061a800000, 0x000000061ac00000|  0%| F|  |TAMS 0x000000061a800000| PB 0x000000061a800000| Untracked 
|  94|0x000000061ac00000, 0x000000061ac00000, 0x000000061b000000|  0%| F|  |TAMS 0x000000061ac00000| PB 0x000000061ac00000| Untracked 
|  95|0x000000061b000000, 0x000000061b000000, 0x000000061b400000|  0%| F|  |TAMS 0x000000061b000000| PB 0x000000061b000000| Untracked 
|  96|0x000000061b400000, 0x000000061b400000, 0x000000061b800000|  0%| F|  |TAMS 0x000000061b400000| PB 0x000000061b400000| Untracked 
|  97|0x000000061b800000, 0x000000061b800000, 0x000000061bc00000|  0%| F|  |TAMS 0x000000061b800000| PB 0x000000061b800000| Untracked 
|  98|0x000000061bc00000, 0x000000061bc00000, 0x000000061c000000|  0%| F|  |TAMS 0x000000061bc00000| PB 0x000000061bc00000| Untracked 
|  99|0x000000061c000000, 0x000000061c000000, 0x000000061c400000|  0%| F|  |TAMS 0x000000061c000000| PB 0x000000061c000000| Untracked 
| 100|0x000000061c400000, 0x000000061c400000, 0x000000061c800000|  0%| F|  |TAMS 0x000000061c400000| PB 0x000000061c400000| Untracked 
| 101|0x000000061c800000, 0x000000061c800000, 0x000000061cc00000|  0%| F|  |TAMS 0x000000061c800000| PB 0x000000061c800000| Untracked 
| 102|0x000000061cc00000, 0x000000061cc00000, 0x000000061d000000|  0%| F|  |TAMS 0x000000061cc00000| PB 0x000000061cc00000| Untracked 
| 103|0x000000061d000000, 0x000000061d000000, 0x000000061d400000|  0%| F|  |TAMS 0x000000061d000000| PB 0x000000061d000000| Untracked 
| 104|0x000000061d400000, 0x000000061d400000, 0x000000061d800000|  0%| F|  |TAMS 0x000000061d400000| PB 0x000000061d400000| Untracked 
| 105|0x000000061d800000, 0x000000061d800000, 0x000000061dc00000|  0%| F|  |TAMS 0x000000061d800000| PB 0x000000061d800000| Untracked 
| 106|0x000000061dc00000, 0x000000061dc00000, 0x000000061e000000|  0%| F|  |TAMS 0x000000061dc00000| PB 0x000000061dc00000| Untracked 
| 107|0x000000061e000000, 0x000000061e000000, 0x000000061e400000|  0%| F|  |TAMS 0x000000061e000000| PB 0x000000061e000000| Untracked 
| 108|0x000000061e400000, 0x000000061e400000, 0x000000061e800000|  0%| F|  |TAMS 0x000000061e400000| PB 0x000000061e400000| Untracked 
| 109|0x000000061e800000, 0x000000061e800000, 0x000000061ec00000|  0%| F|  |TAMS 0x000000061e800000| PB 0x000000061e800000| Untracked 
| 110|0x000000061ec00000, 0x000000061ec00000, 0x000000061f000000|  0%| F|  |TAMS 0x000000061ec00000| PB 0x000000061ec00000| Untracked 
| 111|0x000000061f000000, 0x000000061f000000, 0x000000061f400000|  0%| F|  |TAMS 0x000000061f000000| PB 0x000000061f000000| Untracked 
| 112|0x000000061f400000, 0x000000061f400000, 0x000000061f800000|  0%| F|  |TAMS 0x000000061f400000| PB 0x000000061f400000| Untracked 
| 113|0x000000061f800000, 0x000000061f800000, 0x000000061fc00000|  0%| F|  |TAMS 0x000000061f800000| PB 0x000000061f800000| Untracked 
| 114|0x000000061fc00000, 0x000000061fc00000, 0x0000000620000000|  0%| F|  |TAMS 0x000000061fc00000| PB 0x000000061fc00000| Untracked 
| 115|0x0000000620000000, 0x0000000620000000, 0x0000000620400000|  0%| F|  |TAMS 0x0000000620000000| PB 0x0000000620000000| Untracked 
| 116|0x0000000620400000, 0x0000000620400000, 0x0000000620800000|  0%| F|  |TAMS 0x0000000620400000| PB 0x0000000620400000| Untracked 
| 117|0x0000000620800000, 0x0000000620800000, 0x0000000620c00000|  0%| F|  |TAMS 0x0000000620800000| PB 0x0000000620800000| Untracked 
| 118|0x0000000620c00000, 0x0000000620c00000, 0x0000000621000000|  0%| F|  |TAMS 0x0000000620c00000| PB 0x0000000620c00000| Untracked 
| 119|0x0000000621000000, 0x0000000621000000, 0x0000000621400000|  0%| F|  |TAMS 0x0000000621000000| PB 0x0000000621000000| Untracked 
| 120|0x0000000621400000, 0x0000000621400000, 0x0000000621800000|  0%| F|  |TAMS 0x0000000621400000| PB 0x0000000621400000| Untracked 
| 121|0x0000000621800000, 0x0000000621800000, 0x0000000621c00000|  0%| F|  |TAMS 0x0000000621800000| PB 0x0000000621800000| Untracked 
| 122|0x0000000621c00000, 0x0000000621c00000, 0x0000000622000000|  0%| F|  |TAMS 0x0000000621c00000| PB 0x0000000621c00000| Untracked 
| 123|0x0000000622000000, 0x000000062207ae80, 0x0000000622400000| 12%| E|  |TAMS 0x0000000622000000| PB 0x0000000622000000| Complete 
| 124|0x0000000622400000, 0x0000000622800000, 0x0000000622800000|100%| E|CS|TAMS 0x0000000622400000| PB 0x0000000622400000| Complete 
| 125|0x0000000622800000, 0x0000000622c00000, 0x0000000622c00000|100%| E|CS|TAMS 0x0000000622800000| PB 0x0000000622800000| Complete 
| 126|0x0000000622c00000, 0x0000000623000000, 0x0000000623000000|100%| E|CS|TAMS 0x0000000622c00000| PB 0x0000000622c00000| Complete 
| 127|0x0000000623000000, 0x0000000623400000, 0x0000000623400000|100%| E|  |TAMS 0x0000000623000000| PB 0x0000000623000000| Complete 

Card table byte_map: [0x000001f2300a0000,0x000001f231090000] _byte_map_base: 0x000001f22d086000

Marking Bits: (CMBitMap*) 0x000001f2175216f0
 Bits: [0x000001f231090000, 0x000001f238fc0000)

Polling page: 0x000001f215260000

Metaspace:

Usage:
  Non-class:      2.70 MB used.
      Class:    279.35 KB used.
       Both:      2.97 MB used.

Virtual space:
  Non-class space:       64.00 MB reserved,       2.81 MB (  4%) committed,  1 nodes.
      Class space:        1.00 GB reserved,     384.00 KB ( <1%) committed,  1 nodes.
             Both:        1.06 GB reserved,       3.19 MB ( <1%) committed. 

Chunk freelists:
   Non-Class:  11.81 MB
       Class:  15.68 MB
        Both:  27.49 MB

MaxMetaspaceSize: unlimited
CompressedClassSpaceSize: 1.00 GB
Initial GC threshold: 21.00 MB
Current GC threshold: 21.00 MB
CDS: on
 - commit_granule_bytes: 65536.
 - commit_granule_words: 8192.
 - virtual_space_node_default_size: 8388608.
 - enlarge_chunks_in_place: 1.
 - use_allocation_guard: 0.


Internal statistics:

num_allocs_failed_limit: 0.
num_arena_births: 106.
num_arena_deaths: 0.
num_vsnodes_births: 2.
num_vsnodes_deaths: 0.
num_space_committed: 51.
num_space_uncommitted: 0.
num_chunks_returned_to_freelist: 0.
num_chunks_taken_from_freelist: 134.
num_chunk_merges: 0.
num_chunk_splits: 86.
num_chunks_enlarged: 41.
num_inconsistent_stats: 0.

CodeHeap 'non-profiled nmethods': size=120000Kb used=204Kb max_used=204Kb free=119795Kb
 bounds [0x000001f227630000, 0x000001f2278a0000, 0x000001f22eb60000]
CodeHeap 'profiled nmethods': size=120000Kb used=959Kb max_used=959Kb free=119040Kb
 bounds [0x000001f21fb60000, 0x000001f21fdd0000, 0x000001f227090000]
CodeHeap 'non-nmethods': size=5760Kb used=1456Kb max_used=1464Kb free=4303Kb
 bounds [0x000001f227090000, 0x000001f227300000, 0x000001f227630000]
 total_blobs=1078 nmethods=588 adapters=395
 compilation: enabled
              stopped_count=0, restarted_count=0
 full_count=0

Compilation events (20 events):
Event: 3116.096 Thread 0x000001f27d05dae0  577       3       java.io.PrintStream::ensureOpen (18 bytes)
Event: 3116.096 Thread 0x000001f27d05dae0 nmethod 577 0x000001f21fc36d10 code [0x000001f21fc36ec0, 0x000001f21fc370d8]
Event: 3116.096 Thread 0x000001f27d05dae0  578       3       java.nio.ByteBuffer::arrayOffset (35 bytes)
Event: 3116.096 Thread 0x000001f27d05dae0 nmethod 578 0x000001f21fc37190 code [0x000001f21fc37360, 0x000001f21fc375f8]
Event: 3146.953 Thread 0x000001f27d05dae0  579       3       java.net.URL::isValidProtocol (78 bytes)
Event: 3146.954 Thread 0x000001f27d05dae0 nmethod 579 0x000001f21fc37710 code [0x000001f21fc37a20, 0x000001f21fc38ca8]
Event: 3146.954 Thread 0x000001f27d05dae0  582   !   3       java.net.URL::set (114 bytes)
Event: 3146.954 Thread 0x000001f27d05dae0 nmethod 582 0x000001f21fc39410 code [0x000001f21fc39660, 0x000001f21fc3a1d8]
Event: 3146.954 Thread 0x000001f27d05dae0  580       3       sun.net.www.protocol.file.Handler::parseURL (18 bytes)
Event: 3146.955 Thread 0x000001f27d05dae0 nmethod 580 0x000001f21fc3a590 code [0x000001f21fc3a740, 0x000001f21fc3a908]
Event: 3146.955 Thread 0x000001f27d05dae0  581       3       java.net.URLStreamHandler::parseURL (1124 bytes)
Event: 3146.966 Thread 0x000001f27d05dae0 nmethod 581 0x000001f21fc3aa10 code [0x000001f21fc3be40, 0x000001f21fc485c8]
Event: 3891.656 Thread 0x000001f27d05dae0  584       3       jdk.internal.util.ReferencedKeyMap::entryKey (33 bytes)
Event: 3891.656 Thread 0x000001f27d05dae0 nmethod 584 0x000001f21fc4db10 code [0x000001f21fc4dd20, 0x000001f21fc4e3c8]
Event: 3891.656 Thread 0x000001f27d05dae0  585       3       jdk.internal.util.WeakReferenceKey::<init> (15 bytes)
Event: 3891.657 Thread 0x000001f27d05dae0 nmethod 585 0x000001f21fc4e610 code [0x000001f21fc4e800, 0x000001f21fc4ecd8]
Event: 3891.657 Thread 0x000001f27d05dae0  586       1       jdk.internal.org.objectweb.asm.MethodWriter::hasAsmInstructions (5 bytes)
Event: 3891.657 Thread 0x000001f27d05dae0 nmethod 586 0x000001f227663010 code [0x000001f2276631a0, 0x000001f227663270]
Event: 3892.350 Thread 0x000001f27d05dae0  588       3       java.util.concurrent.ConcurrentHashMap$Traverser::advance (188 bytes)
Event: 3892.351 Thread 0x000001f27d05dae0 nmethod 588 0x000001f21fc4ee90 code [0x000001f21fc4f0e0, 0x000001f21fc4fc78]

GC Heap History (0 events):
No events

Dll operation events (7 events):
Event: 0.008 Loaded shared library C:\Users\CYPHER\Documents\BlueJ\jdk\bin\java.dll
Event: 0.035 Loaded shared library C:\Users\CYPHER\Documents\BlueJ\jdk\bin\jsvml.dll
Event: 0.421 Loaded shared library C:\Users\CYPHER\Documents\BlueJ\jdk\bin\net.dll
Event: 0.424 Loaded shared library C:\Users\CYPHER\Documents\BlueJ\jdk\bin\nio.dll
Event: 0.446 Loaded shared library C:\Users\CYPHER\Documents\BlueJ\jdk\bin\zip.dll
Event: 0.518 Loaded shared library C:\Users\CYPHER\Documents\BlueJ\jdk\bin\jimage.dll
Event: 0.525 Loaded shared library C:\Users\CYPHER\Documents\BlueJ\jdk\bin\awt.dll

Deoptimization events (20 events):
Event: 3116.085 Thread 0x000001f27d2b5760 DEOPT PACKING pc=0x000001f21fc280c4 sp=0x0000007cea2fefa0
Event: 3116.085 Thread 0x000001f27d2b5760 DEOPT UNPACKING pc=0x000001f2270e4e42 sp=0x0000007cea2fe410 mode 1
Event: 3116.085 Thread 0x000001f27d2b5760 DEOPT PACKING pc=0x000001f21fc280c4 sp=0x0000007cea2fed20
Event: 3116.085 Thread 0x000001f27d2b5760 DEOPT UNPACKING pc=0x000001f2270e4e42 sp=0x0000007cea2fe180 mode 1
Event: 3116.085 Thread 0x000001f27d2b5760 DEOPT PACKING pc=0x000001f21fbf64dc sp=0x0000007cea2fedb0
Event: 3116.085 Thread 0x000001f27d2b5760 DEOPT UNPACKING pc=0x000001f2270e4e42 sp=0x0000007cea2fe290 mode 1
Event: 3116.085 Thread 0x000001f27d2b5760 DEOPT PACKING pc=0x000001f21fc280c4 sp=0x0000007cea2fefa0
Event: 3116.085 Thread 0x000001f27d2b5760 DEOPT UNPACKING pc=0x000001f2270e4e42 sp=0x0000007cea2fe410 mode 1
Event: 3116.085 Thread 0x000001f27d2b5760 DEOPT PACKING pc=0x000001f21fc280c4 sp=0x0000007cea2fed20
Event: 3116.085 Thread 0x000001f27d2b5760 DEOPT UNPACKING pc=0x000001f2270e4e42 sp=0x0000007cea2fe180 mode 1
Event: 3116.085 Thread 0x000001f27d2b5760 DEOPT PACKING pc=0x000001f21fbf64dc sp=0x0000007cea2fedb0
Event: 3116.085 Thread 0x000001f27d2b5760 DEOPT UNPACKING pc=0x000001f2270e4e42 sp=0x0000007cea2fe290 mode 1
Event: 3116.085 Thread 0x000001f27d2b5760 DEOPT PACKING pc=0x000001f21fc280c4 sp=0x0000007cea2fefa0
Event: 3116.085 Thread 0x000001f27d2b5760 DEOPT UNPACKING pc=0x000001f2270e4e42 sp=0x0000007cea2fe410 mode 1
Event: 3116.085 Thread 0x000001f27d2b5760 DEOPT PACKING pc=0x000001f21fc280c4 sp=0x0000007cea2fed20
Event: 3116.085 Thread 0x000001f27d2b5760 DEOPT UNPACKING pc=0x000001f2270e4e42 sp=0x0000007cea2fe180 mode 1
Event: 3116.085 Thread 0x000001f27d2b5760 DEOPT PACKING pc=0x000001f21fbf64dc sp=0x0000007cea2fedb0
Event: 3116.085 Thread 0x000001f27d2b5760 DEOPT UNPACKING pc=0x000001f2270e4e42 sp=0x0000007cea2fe290 mode 1
Event: 3116.085 Thread 0x000001f27d2b5760 DEOPT PACKING pc=0x000001f21fc280c4 sp=0x0000007cea2fefa0
Event: 3116.085 Thread 0x000001f27d2b5760 DEOPT UNPACKING pc=0x000001f2270e4e42 sp=0x0000007cea2fe410 mode 1

Classes loaded (20 events):
Event: 3892.344 Loading class sun/java2d/d3d/D3DContext$D3DContextCaps
Event: 3892.344 Loading class sun/java2d/pipe/hw/ContextCapabilities
Event: 3892.345 Loading class sun/java2d/pipe/hw/ContextCapabilities done
Event: 3892.345 Loading class sun/java2d/d3d/D3DContext$D3DContextCaps done
Event: 3892.349 Loading class sun/awt/Win32GraphicsConfig
Event: 3892.349 Loading class sun/awt/image/SurfaceManager$ProxiedGraphicsConfig
Event: 3892.350 Loading class sun/awt/image/SurfaceManager$ProxiedGraphicsConfig done
Event: 3892.350 Loading class java/awt/GraphicsConfiguration
Event: 3892.350 Loading class java/awt/GraphicsConfiguration done
Event: 3892.350 Loading class sun/awt/Win32GraphicsConfig done
Event: 3892.350 Loading class java/awt/Rectangle
Event: 3892.350 Loading class java/awt/Shape
Event: 3892.350 Loading class java/awt/Shape done
Event: 3892.351 Loading class java/awt/geom/Rectangle2D
Event: 3892.351 Loading class java/awt/geom/RectangularShape
Event: 3892.351 Loading class java/awt/geom/RectangularShape done
Event: 3892.351 Loading class java/awt/geom/Rectangle2D done
Event: 3892.351 Loading class java/awt/Rectangle done
Event: 3892.686 Loading class java/util/ArrayList$ListItr
Event: 3892.687 Loading class java/util/ArrayList$ListItr done

Classes unloaded (0 events):
No events

Classes redefined (0 events):
No events

Internal exceptions (4 events):
Event: 0.507 Thread 0x000001f2150a1a90 Exception <a 'java/lang/ClassNotFoundException'{0x0000000622c54b18}: sun/awt/resources/spi/awtProvider> (0x0000000622c54b18) 
thrown [s\src\hotspot\share\classfile\systemDictionary.cpp, line 312]
Event: 0.544 Thread 0x000001f2150a1a90 Exception <a 'java/io/FileNotFoundException'{0x0000000622cb7ab0}> (0x0000000622cb7ab0) 
thrown [s\src\hotspot\share\prims\jni.cpp, line 520]
Event: 0.553 Thread 0x000001f2150a1a90 Exception <a 'java/io/FileNotFoundException'{0x0000000622ce2640}> (0x0000000622ce2640) 
thrown [s\src\hotspot\share\prims\jni.cpp, line 520]
Event: 43.292 Thread 0x000001f27d4935a0 Exception <a 'java/lang/NoSuchMethodError'{0x000000062299e420}: 'void java.lang.invoke.DirectMethodHandle$Holder.invokeStatic(java.lang.Object, java.lang.Object)'> (0x000000062299e420) 
thrown [s\src\hotspot\share\interpreter\linkResolver.cpp, line 773]

ZGC Phase Switch (0 events):
No events

VM Operations (20 events):
Event: 661.408 Executing VM operation: HandshakeAllThreads (HandshakeForDeflation)
Event: 661.408 Executing VM operation: HandshakeAllThreads (HandshakeForDeflation) done
Event: 661.408 Executing VM operation: RendezvousGCThreads
Event: 661.408 Executing VM operation: RendezvousGCThreads done
Event: 1683.964 Executing VM operation: HandshakeAllThreads (HandshakeForDeflation)
Event: 1683.964 Executing VM operation: HandshakeAllThreads (HandshakeForDeflation) done
Event: 1683.964 Executing VM operation: RendezvousGCThreads
Event: 1683.964 Executing VM operation: RendezvousGCThreads done
Event: 3103.650 Executing VM operation: Cleanup
Event: 3103.650 Executing VM operation: Cleanup done
Event: 3108.688 Executing VM operation: Cleanup
Event: 3108.688 Executing VM operation: Cleanup done
Event: 3116.751 Executing VM operation: Cleanup
Event: 3116.751 Executing VM operation: Cleanup done
Event: 3126.957 Executing VM operation: HandshakeAllThreads (HandshakeForDeflation)
Event: 3126.957 Executing VM operation: HandshakeAllThreads (HandshakeForDeflation) done
Event: 3126.957 Executing VM operation: RendezvousGCThreads
Event: 3126.957 Executing VM operation: RendezvousGCThreads done
Event: 3892.252 Executing VM operation: Cleanup
Event: 3892.252 Executing VM operation: Cleanup done

Memory protections (0 events):
No events

Nmethod flushes (0 events):
No events

Events (20 events):
Event: 2202.081 Thread 0x000001f27d615690 Thread added: 0x000001f27d163070
Event: 2202.081 Thread 0x000001f27d615690 Thread exited: 0x000001f27d615690
Event: 3103.360 Thread 0x000001f27d163070 Thread added: 0x000001f27d6a5700
Event: 3103.360 Thread 0x000001f27d163070 Thread exited: 0x000001f27d163070
Event: 3107.695 Thread 0x000001f27d6a5700 Thread added: 0x000001f27d31d9e0
Event: 3107.695 Thread 0x000001f27d6a5700 Thread exited: 0x000001f27d6a5700
Event: 3107.802 Thread 0x000001f27d31d9e0 Thread added: 0x000001f27d555310
Event: 3107.802 Thread 0x000001f27d31d9e0 Thread exited: 0x000001f27d31d9e0
Event: 3113.548 Thread 0x000001f27d555310 Thread added: 0x000001f27d31d9e0
Event: 3113.548 Thread 0x000001f27d555310 Thread exited: 0x000001f27d555310
Event: 3115.991 Thread 0x000001f27d31d9e0 Thread added: 0x000001f27d2b5760
Event: 3115.991 Thread 0x000001f27d31d9e0 Thread exited: 0x000001f27d31d9e0
Event: 3116.096 Thread 0x000001f27d2b5760 Thread added: 0x000001f27d31d9e0
Event: 3116.096 Thread 0x000001f27d2b5760 Thread exited: 0x000001f27d2b5760
Event: 3146.952 Thread 0x000001f27d31d9e0 Thread added: 0x000001f27d2b5760
Event: 3146.952 Thread 0x000001f27d31d9e0 Thread exited: 0x000001f27d31d9e0
Event: 3863.727 Thread 0x000001f27d4a4a80 Thread added: 0x000001f27d31d9e0
Event: 3864.743 Thread 0x000001f27d31d9e0 Thread exited: 0x000001f27d31d9e0
Event: 3891.352 Thread 0x000001f27d4a4a80 Thread added: 0x000001f27d31d9e0
Event: 3891.660 Thread 0x000001f27d4a4a80 Thread added: 0x000001f27d5582e0


Dynamic libraries:
0x00007ff75b850000 - 0x00007ff75b85e000 	C:\Users\CYPHER\Documents\BlueJ\jdk\bin\java.exe
0x00007ffec66c0000 - 0x00007ffec6926000 	C:\WINDOWS\SYSTEM32\ntdll.dll
0x00007ffec52d0000 - 0x00007ffec5399000 	C:\WINDOWS\System32\KERNEL32.DLL
0x00007ffec3c90000 - 0x00007ffec408f000 	C:\WINDOWS\System32\KERNELBASE.dll
0x00007ffec4290000 - 0x00007ffec43dc000 	C:\WINDOWS\System32\ucrtbase.dll
0x00007ffebe180000 - 0x00007ffebe198000 	C:\Users\CYPHER\Documents\BlueJ\jdk\bin\jli.dll
0x00007ffe9d900000 - 0x00007ffe9d91e000 	C:\Users\CYPHER\Documents\BlueJ\jdk\bin\VCRUNTIME140.dll
0x00007ffec5c70000 - 0x00007ffec5e36000 	C:\WINDOWS\System32\USER32.dll
0x00007ffeb3680000 - 0x00007ffeb3911000 	C:\WINDOWS\WinSxS\amd64_microsoft.windows.common-controls_6595b64144ccf1df_6.0.26100.8972_none_3e0da176e32f9d4b\COMCTL32.dll
0x00007ffec3bd0000 - 0x00007ffec3bf7000 	C:\WINDOWS\System32\win32u.dll
0x00007ffec55e0000 - 0x00007ffec5689000 	C:\WINDOWS\System32\msvcrt.dll
0x00007ffec5000000 - 0x00007ffec502b000 	C:\WINDOWS\System32\GDI32.dll
0x00007ffec40a0000 - 0x00007ffec41c9000 	C:\WINDOWS\System32\gdi32full.dll
0x00007ffec38d0000 - 0x00007ffec3973000 	C:\WINDOWS\System32\msvcp_win.dll
0x00007ffec48e0000 - 0x00007ffec4912000 	C:\WINDOWS\System32\IMM32.DLL
0x00007ffec0180000 - 0x00007ffec018c000 	C:\Users\CYPHER\Documents\BlueJ\jdk\bin\vcruntime140_1.dll
0x00007ffe8b670000 - 0x00007ffe8b6fd000 	C:\Users\CYPHER\Documents\BlueJ\jdk\bin\msvcp140.dll
0x00007ffdd74b0000 - 0x00007ffdd8240000 	C:\Users\CYPHER\Documents\BlueJ\jdk\bin\server\jvm.dll
0x00007ffec4af0000 - 0x00007ffec4bac000 	C:\WINDOWS\System32\ADVAPI32.dll
0x00007ffec4c70000 - 0x00007ffec4d1a000 	C:\WINDOWS\System32\sechost.dll
0x00007ffec57a0000 - 0x00007ffec58b8000 	C:\WINDOWS\System32\RPCRT4.dll
0x00007ffec4d90000 - 0x00007ffec4e12000 	C:\WINDOWS\System32\WS2_32.dll
0x00007ffec3680000 - 0x00007ffec36de000 	C:\WINDOWS\SYSTEM32\POWRPROF.dll
0x00007ffebcb30000 - 0x00007ffebcb3b000 	C:\WINDOWS\SYSTEM32\VERSION.dll
0x00007ffeb8000000 - 0x00007ffeb8036000 	C:\WINDOWS\SYSTEM32\WINMM.dll
0x00007ffec3660000 - 0x00007ffec3675000 	C:\WINDOWS\SYSTEM32\UMPDC.dll
0x00007ffec25c0000 - 0x00007ffec25db000 	C:\WINDOWS\SYSTEM32\kernel.appcore.dll
0x00007ffebe130000 - 0x00007ffebe13a000 	C:\Users\CYPHER\Documents\BlueJ\jdk\bin\jimage.dll
0x00007ffec0dd0000 - 0x00007ffec1012000 	C:\WINDOWS\SYSTEM32\DBGHELP.DLL
0x00007ffec58e0000 - 0x00007ffec5c65000 	C:\WINDOWS\System32\combase.dll
0x00007ffec4a10000 - 0x00007ffec4ae9000 	C:\WINDOWS\System32\OLEAUT32.dll
0x00007ffea3500000 - 0x00007ffea353b000 	C:\WINDOWS\SYSTEM32\dbgcore.DLL
0x00007ffec41d0000 - 0x00007ffec427c000 	C:\WINDOWS\System32\bcryptPrimitives.dll
0x00007ffe5aab0000 - 0x00007ffe5aaec000 	C:\Users\CYPHER\Documents\BlueJ\jdk\bin\jdwp.dll
0x00007ffe9b710000 - 0x00007ffe9b72f000 	C:\Users\CYPHER\Documents\BlueJ\jdk\bin\java.dll
0x00007ffec5e40000 - 0x00007ffec65c8000 	C:\WINDOWS\System32\SHELL32.dll
0x00007ffec13c0000 - 0x00007ffec1c5b000 	C:\WINDOWS\SYSTEM32\windows.storage.dll
0x00007ffec56a0000 - 0x00007ffec5799000 	C:\WINDOWS\System32\SHCORE.dll
0x00007ffec4d20000 - 0x00007ffec4d86000 	C:\WINDOWS\System32\shlwapi.dll
0x00007ffec37f0000 - 0x00007ffec3819000 	C:\WINDOWS\SYSTEM32\profapi.dll
0x00007ffe610f0000 - 0x00007ffe611c7000 	C:\Users\CYPHER\Documents\BlueJ\jdk\bin\jsvml.dll
0x00007ffe95270000 - 0x00007ffe9527b000 	C:\Users\CYPHER\Documents\BlueJ\jdk\bin\dt_shmem.dll
0x00007ffea37f0000 - 0x00007ffea3800000 	C:\Users\CYPHER\Documents\BlueJ\jdk\bin\net.dll
0x00007ffebbd50000 - 0x00007ffebbe78000 	C:\WINDOWS\SYSTEM32\WINHTTP.dll
0x00007ffec2b70000 - 0x00007ffec2bdc000 	C:\WINDOWS\system32\mswsock.dll
0x00007ffe8b8c0000 - 0x00007ffe8b8d6000 	C:\Users\CYPHER\Documents\BlueJ\jdk\bin\nio.dll
0x00007ffe8b8a0000 - 0x00007ffe8b8b8000 	C:\Users\CYPHER\Documents\BlueJ\jdk\bin\zip.dll
0x00007ffe4fba0000 - 0x00007ffe4fd2e000 	C:\Users\CYPHER\Documents\BlueJ\jdk\bin\awt.dll
0x00007ffec02d0000 - 0x00007ffec036f000 	C:\WINDOWS\SYSTEM32\apphelp.dll
0x00007ffec0510000 - 0x00007ffec05b8000 	C:\WINDOWS\system32\uxtheme.dll
0x00007ffec5470000 - 0x00007ffec55cd000 	C:\WINDOWS\System32\MSCTF.dll
0x00007ffec5130000 - 0x00007ffec52c9000 	C:\WINDOWS\System32\ole32.dll
0x00007ffec0790000 - 0x00007ffec07bf000 	C:\WINDOWS\system32\DWMAPI.DLL
0x00007ffe3b5b0000 - 0x00007ffe3b6bc000 	C:\WINDOWS\system32\opengl32.dll
0x00007ffe3ac40000 - 0x00007ffe3ac6d000 	C:\WINDOWS\SYSTEM32\GLU32.dll
0x00007ffec07d0000 - 0x00007ffec0815000 	C:\WINDOWS\SYSTEM32\dxcore.dll

dbghelp: loaded successfully - version: 4.0.5 - missing functions: none
symbol engine: initialized successfully - sym options: 0x614 - pdb path: .;C:\Users\CYPHER\Documents\BlueJ\jdk\bin;C:\WINDOWS\SYSTEM32;C:\WINDOWS\WinSxS\amd64_microsoft.windows.common-controls_6595b64144ccf1df_6.0.26100.8972_none_3e0da176e32f9d4b;C:\Users\CYPHER\Documents\BlueJ\jdk\bin\server

VM Arguments:
jvm_args: -ea -agentlib:jdwp=transport=dt_shmem,address=javadebug -Dfile.encoding=UTF-8 
java_command: bluej.runtime.ExecServer UTF-8
java_class_path (initial): C:\Users\CYPHER\Documents\BlueJ\lib\bluejcore.jar;C:\Users\CYPHER\Documents\BlueJ\lib\javafx-base-23.0.2-win.jar;C:\Users\CYPHER\Documents\BlueJ\lib\javafx-controls-23.0.2-win.jar;C:\Users\CYPHER\Documents\BlueJ\lib\javafx-fxml-23.0.2-win.jar;C:\Users\CYPHER\Documents\BlueJ\lib\javafx-graphics-23.0.2-win.jar;C:\Users\CYPHER\Documents\BlueJ\lib\javafx-media-23.0.2-win.jar;C:\Users\CYPHER\Documents\BlueJ\lib\javafx-swing-23.0.2-win.jar;C:\Users\CYPHER\Documents\BlueJ\lib\javafx-web-23.0.2-win.jar;C:\Users\CYPHER\Documents\BlueJ\lib\junit-4.12.jar;C:\Users\CYPHER\Documents\BlueJ\lib\junit-jupiter-5.5.2.jar;C:\Users\CYPHER\Documents\BlueJ\lib\junit-jupiter-api-5.5.2.jar;C:\Users\CYPHER\Documents\BlueJ\lib\junit-jupiter-engine-5.5.2.jar;C:\Users\CYPHER\Documents\BlueJ\lib\junit-jupiter-params-5.5.2.jar;C:\Users\CYPHER\Documents\BlueJ\lib\junit-platform-commons-1.5.2.jar;C:\Users\CYPHER\Documents\BlueJ\lib\junit-platform-engine-1.5.2.jar;C:\Users\CYPHER\Documents\BlueJ\lib\junit-platform-launcher-1.5.2.jar;C:\Users\CYPHER\Documents\BlueJ\lib\junit-platform-suite-api-1.5.2.jar;C:\Users\CYPHER\Documents\BlueJ\lib\junit-vintage-engine-5.5.2.jar;C:\Users\CYPHER\Documents\BlueJ\lib\hamcrest-core-1.3.jar;C:\Users\CYPHER\Documents\BlueJ\lib\opentest4j-1.2.0.jar;C:\Users\CYPHER\Documents\BlueJ\lib\lang-stride.jar;C:\Users\CYPHER\Documents\BlueJ\lib\kotlin-stdlib-2.1.20.jar;C:\Users\CYPHER\Documents\BlueJ\lib\javafx\javafx.base.jar;C:\Users\CYPHER\Documents\BlueJ\lib\javafx\javafx.controls.jar;C:\Users\CYPHER\Documents\BlueJ\lib\javafx\javafx.fxml.jar;C:\Users\CYPHER\Documents\BlueJ\lib\javafx\javafx.graphics.jar;C:\Users\CYPHER\Documents\BlueJ\lib\javafx\javafx.media.jar;C:\Users\CYPHER\Documents\BlueJ\lib\javafx\javafx.properties.jar;C:\Users\CYPHER\Documents\BlueJ\lib\javafx\javafx.swing.jar;C:\Users\CYPHER\Documents\BlueJ\lib\javafx\javafx.web.jar
Launcher Type: SUN_STANDARD

[Global flags]
     intx CICompilerCount                          = 4                                         {product} {ergonomic}
     uint ConcGCThreads                            = 3                                         {product} {ergonomic}
     uint G1ConcRefinementThreads                  = 10                                        {product} {ergonomic}
   size_t G1HeapRegionSize                         = 4194304                                   {product} {ergonomic}
    uintx GCDrainStackTargetSize                   = 64                                        {product} {ergonomic}
   size_t InitialHeapSize                          = 536870912                                 {product} {ergonomic}
   size_t MarkStackSize                            = 4194304                                   {product} {ergonomic}
   size_t MaxHeapSize                              = 8535408640                                {product} {ergonomic}
   size_t MaxNewSize                               = 5121245184                                {product} {ergonomic}
   size_t MinHeapDeltaBytes                        = 4194304                                   {product} {ergonomic}
   size_t MinHeapSize                              = 8388608                                   {product} {ergonomic}
    uintx NonNMethodCodeHeapSize                   = 5839372                                {pd product} {ergonomic}
    uintx NonProfiledCodeHeapSize                  = 122909434                              {pd product} {ergonomic}
    uintx ProfiledCodeHeapSize                     = 122909434                              {pd product} {ergonomic}
    uintx ReservedCodeCacheSize                    = 251658240                              {pd product} {ergonomic}
     bool SegmentedCodeCache                       = true                                      {product} {ergonomic}
   size_t SoftMaxHeapSize                          = 8535408640                             {manageable} {ergonomic}
     bool UseCompressedOops                        = true                           {product lp64_product} {ergonomic}
     bool UseG1GC                                  = true                                      {product} {ergonomic}
     bool UseLargePagesIndividualAllocation        = false                                  {pd product} {ergonomic}

Logging:
Log output configuration:
 #0: stdout all=warning uptime,level,tags foldmultilines=false
 #1: stderr all=off uptime,level,tags foldmultilines=false

Environment Variables:
PATH=C:\Program Files\Common Files\Oracle\Java\javapath;C:\WINDOWS\system32;C:\WINDOWS;C:\WINDOWS\System32\Wbem;C:\WINDOWS\System32\WindowsPowerShell\v1.0\;C:\WINDOWS\System32\OpenSSH\;C:\Program Files\dotnet\;C:\Program Files\Git\cmd;C:\Users\CYPHER\AppData\Local\Microsoft\WindowsApps;C:\Users\CYPHER\AppData\Local\Programs\Microsoft VS Code\bin
USERNAME=CYPHER
OS=Windows_NT
PROCESSOR_IDENTIFIER=AMD64 Family 25 Model 80 Stepping 0, AuthenticAMD
TMP=C:\Users\CYPHER\AppData\Local\Temp
TEMP=C:\Users\CYPHER\AppData\Local\Temp




Periodic native trim disabled

---------------  S Y S T E M  ---------------

OS:
 Windows 11 , 64 bit Build 26100 (10.0.26100.9168)
OS uptime: 0 days 1:27 hours

CPU: total 12 (initial active 12) (12 cores per cpu, 2 threads per core) family 25 model 80 stepping 0 microcode 0xa500014, cx8, cmov, fxsr, ht, mmx, 3dnowpref, sse, sse2, sse3, ssse3, sse4a, sse4.1, sse4.2, popcnt, lzcnt, tsc, tscinvbit, avx, avx2, aes, erms, clmul, bmi1, bmi2, adx, sha, fma, vzeroupper, clflush, clflushopt, rdtscp, rdpid, fsrm, f16c, pku, cet_ss
Processor Information for the first 12 processors :
  Max Mhz: 3901, Current Mhz: 3901, Mhz Limit: 3901

Memory: 4k page, system-wide physical 32558M (18903M free)
TotalPageFile size 34606M (AvailPageFile size 19321M)
current process WorkingSet (physical memory assigned to process): 55M, peak: 58M
current process commit charge ("private bytes"): 615M, peak: 620M

vm_info: OpenJDK 64-Bit Server VM (21.0.6+7-LTS) for windows-amd64 JRE (21.0.6+7-LTS), built on 2025-01-21T00:00:00Z by "admin" with MS VC++ 17.7 (VS2022)

END.
